─────────────────────── Exercise 4 — SQLite audit trail ───────────────────────
PR: https://github.com/VinUni-AI20k/PR-Demo/pull/1
thread_id = 3acd67ac-f743-495b-bb6e-13ab55d69852

→ fetch_pr
  ✓ 3 files, head 1646156
→ analyze
  ✓ confidence=55%, 4 comment(s)
→ route
  ✓ decision=human_approval (confidence=55%)
┌───────────────────────────────── conf=55% ──────────────────────────────────┐
│ This pull request introduces a new 'priority' field to tasks in the task    │
│ tracking application. It modifies the command-line interface to accept a    │
│ priority argument when adding tasks, updates the Task model to include the  │
│ priority attribute, and alters the storage layer to handle the new priority │
│ field in the database schema and task retrieval.                            │
└─────────────────────────────────────────────────────────────────────────────┘
approve/reject/edit? Feedback: Deserializing unregistered type common.schemas.PRAnalysis from checkpoint. This will be blocked in a future version. Set LANGGRAPH_STRICT_MSGPACK=true to block now, or add to allowed_msgpack_modules to allow explicitly: [('common.schemas', 'PRAnalysis')]
→ commit
  ✓ posted comment to https://github.com/VinUni-AI20k/PR-Demo/pull/1
──────────────────────────────────── Final ────────────────────────────────────
final_action = committed

Replay: uv run python -m audit.replay --thread 
3acd67ac-f743-495b-bb6e-13ab55d69852
